// Jest Snapshot v1, https://goo.gl/fbAQLP

exports[`UploadSelector previewStyle、title、icon 应该渲染 1`] = `
<div>
  <div
    class="super-antd-center"
    style="width: 200px; height: 200px;"
  >
    <div>
      <div>
        icon
      </div>
      <div>
        title
      </div>
    </div>
  </div>
</div>
`;
